[Licensing::Module] Trying to connect to existing licensing client channel...
Built from '6000.0/staging' branch; Version is '6000.0.81f1 (6238fec1e98f) revision 6437118'; Using compiler version '193933523'; Build Type 'Release'
OS: 'Windows 11  (10.0.26200) Professional' Language: 'ko' Physical Memory: 15599 MB
[Licensing::IpcConnector] Successfully connected to: "LicenseClient-Gunho" at "2026-08-09T03:24:08.9009452Z"
BatchMode: 1, IsHumanControllingUs: 0, StartBugReporterOnCrash: 0, Is64bit: 1
System  architecture: x64
Process architecture: x64
Date: 2026-08-09T03:24:08Z

COMMAND LINE ARGUMENTS:
C:\Program Files\Unity\Hub\Editor\6000.0.81f1\Editor\Unity.exe
-adb2
-batchMode
-noUpm
-name
AssetImportWorker4
-projectPath
C:/Users/Gunho/Desktop/molra
-logFile
Logs/AssetImportWorker4.log
-srvPort
50176
-parentPid
18192
-analyticsCloudUserId
14569500153730
-analyticsCloudProjectId
711711db-e123-4bf4-bbfe-fa1cab4dcfac
-analyticsLocalProjectId
6dd81646726de014e845632771f6bbbd
-editorAnalyticsEnabled
1
-cbmEditorLicense
6d8cef57c23c131efeeb72678d4c84ac2786b83d
-cbmMachineId
pyfJpyB611qZ797rPnJ1EcXvnqI=
-licensingIpc
LicenseClient-Gunho
-job-worker-count
7
-background-job-worker-count
8
-gc-helper-count
1
-name
AssetImport
Successfully changed project path to: C:/Users/Gunho/Desktop/molra
C:/Users/Gunho/Desktop/molra
[UnityMemory] Configuration Parameters - Can be set up in boot.config
    "memorysetup-bucket-allocator-granularity=16"
    "memorysetup-bucket-allocator-bucket-count=8"
    "memorysetup-bucket-allocator-block-size=33554432"
    "memorysetup-bucket-allocator-block-count=8"
    "memorysetup-main-allocator-block-size=16777216"
    "memorysetup-thread-allocator-block-size=16777216"
    "memorysetup-gfx-main-allocator-block-size=16777216"
    "memorysetup-gfx-thread-allocator-block-size=16777216"
    "memorysetup-cache-allocator-block-size=4194304"
    "memorysetup-typetree-allocator-block-size=2097152"
    "memorysetup-profiler-bucket-allocator-granularity=16"
    "memorysetup-profiler-bucket-allocator-bucket-count=8"
    "memorysetup-profiler-bucket-allocator-block-size=33554432"
    "memorysetup-profiler-bucket-allocator-block-count=8"
    "memorysetup-profiler-allocator-block-size=16777216"
    "memorysetup-profiler-editor-allocator-block-size=1048576"
    "memorysetup-temp-allocator-size-main=16777216"
    "memorysetup-job-temp-allocator-block-size=2097152"
    "memorysetup-job-temp-allocator-block-size-background=1048576"
    "memorysetup-job-temp-allocator-reduction-small-platforms=262144"
    "memorysetup-allocator-temp-initial-block-size-main=262144"
    "memorysetup-allocator-temp-initial-block-size-worker=262144"
    "memorysetup-temp-allocator-size-background-worker=32768"
    "memorysetup-temp-allocator-size-job-worker=262144"
    "memorysetup-temp-allocator-size-preload-manager=33554432"
    "memorysetup-temp-allocator-size-nav-mesh-worker=65536"
    "memorysetup-temp-allocator-size-audio-worker=65536"
    "memorysetup-temp-allocator-size-cloud-worker=32768"
    "memorysetup-temp-allocator-size-gi-baking-worker=262144"
    "memorysetup-temp-allocator-size-gi-baking-worker=262144"
    "memorysetup-temp-allocator-size-gi-baking-worker=262144"
    "memorysetup-temp-allocator-size-gi-baking-worker=262144"
    "memorysetup-temp-allocator-size-gi-baking-worker=262144"
    "memorysetup-temp-allocator-size-gfx=262144"
Player connection [26796]  Target information:

Player connection [26796]  * "[IP] 10.60.15.62 [Port] 0 [Flags] 2 [Guid] 3133699413 [EditorId] 3133699413 [Version] 1048832 [Id] WindowsEditor(7,DESKTOP-O7NL4BO) [Debug] 1 [PackageName] WindowsEditor [ProjectName] Editor" 

Player connection [26796] Host joined multi-casting on [225.0.0.222:54997]...
Player connection [26796] Host joined alternative multi-casting on [225.0.0.222:34997]...
JobSystem: Creating JobQueue using job-worker-count value 7
Input System module state changed to: Initialized.
[Physics::Module] Initialized fallback backend.
[Physics::Module] Id: 0xdecafbad
Library Redirect Path: Library/
[Physics::Module] Selected backend.
[Physics::Module] Name: PhysX
[Physics::Module] Id: 0xf2b8ea05
[Physics::Module] SDK Version: 4.1.2
[Physics::Module] Integration Version: 1.0.0
[Physics::Module] Threading Mode: Multi-Threaded
Refreshing native plugins compatible for Editor in 101.59 ms, found 6 plugins.
Preloading 1 native plugins for Editor in 0.81 ms.
Initialize engine version: 6000.0.81f1 (6238fec1e98f)
[Subsystems] Discovering subsystems at path C:/Program Files/Unity/Hub/Editor/6000.0.81f1/Editor/Data/Resources/UnitySubsystems
[Subsystems] Discovering subsystems at path C:/Users/Gunho/Desktop/molra/Assets
GfxDevice: creating device client; kGfxThreadingModeNonThreaded
Direct3D:
    Version:  Direct3D 11.0 [level 11.1]
    Renderer: NVIDIA GeForce RTX 4060 Laptop GPU (ID=0x28a0)
    Vendor:   NVIDIA
    VRAM:     7956 MB
    Driver:   32.0.15.9282
[Licensing::Client] Handshaking with LicensingClient:
  Version:                 1.17.4+4293ba1
  Session Id:              7e9c19f6e6094c618622be4d0b17e66e
  Correlation Id:          805489ec865498346362fb80a6d865de
  External correlation Id: 1027467061296388884
  Machine Id:              pyfJpyB611qZ797rPnJ1EcXvnqI=
[Licensing::Module] Successfully connected to LicensingClient on channel: "LicenseClient-Gunho" (connect: 0.00s, validation: 0.00s, handshake: 1.13s)
[Licensing::IpcConnector] Successfully connected to: "LicenseClient-Gunho-notifications" at "2026-08-09T03:24:10.030859Z"
[Licensing::Module] Licensing Background thread has ended after 1.13s
Initialize mono
Mono path[0] = 'C:/Program Files/Unity/Hub/Editor/6000.0.81f1/Editor/Data/Managed'
Mono path[1] = 'C:/Program Files/Unity/Hub/Editor/6000.0.81f1/Editor/Data/MonoBleedingEdge/lib/mono/unityjit-win32'
Mono config path = 'C:/Program Files/Unity/Hub/Editor/6000.0.81f1/Editor/Data/MonoBleedingEdge/etc'
Using monoOptions --debugger-agent=transport=dt_socket,embedding=1,server=y,suspend=n,address=127.0.0.1:56188
Begin MonoManager ReloadAssembly
Registering precompiled unity dll's ...
Register platform support module: C:/Program Files/Unity/Hub/Editor/6000.0.81f1/Editor/Data/PlaybackEngines/WindowsStandaloneSupport/UnityEditor.WindowsStandalone.Extensions.dll
Registered in 0.002579 seconds.
- Loaded All Assemblies, in  0.547 seconds
Native extension for WindowsStandalone target not found
Package Manager log level set to [2]
[Package Manager] Failed to launch server process. Reason: Unity was launched with the -noUpm command-line argument
[Package Manager] Unable to send message (not connected to server process).
[Package Manager] Cannot connect to Unity Package Manager local server
Mono: successfully reloaded assembly
- Finished resetting the current domain, in  0.292 seconds
Domain Reload Profiling: 838ms
	BeginReloadAssembly (108ms)
		ExecutionOrderSort (0ms)
		DisableScriptedObjects (0ms)
		BackupInstance (0ms)
		ReleaseScriptingObjects (0ms)
		CreateAndSetChildDomain (1ms)
	RebuildCommonClasses (30ms)
	RebuildNativeTypeToScriptingClass (10ms)
	initialDomainReloadingComplete (42ms)
	LoadAllAssembliesAndSetupDomain (355ms)
		LoadAssemblies (105ms)
		RebuildTransferFunctionScriptingTraits (0ms)
		AnalyzeDomain (352ms)
			TypeCache.Refresh (351ms)
				TypeCache.ScanAssembly (339ms)
			BuildScriptInfoCaches (0ms)
			ResolveRequiredComponents (0ms)
	FinalizeReload (293ms)
		ReleaseScriptCaches (0ms)
		RebuildScriptCaches (0ms)
		SetupLoadedEditorAssemblies (247ms)
			LogAssemblyErrors (0ms)
			InitializePlatformSupportModulesInManaged (19ms)
			SetLoadedEditorAssemblies (3ms)
			BeforeProcessingInitializeOnLoad (45ms)
			ProcessInitializeOnLoadAttributes (120ms)
			ProcessInitializeOnLoadMethodAttributes (59ms)
			AfterProcessingInitializeOnLoad (0ms)
			EditorAssembliesLoaded (0ms)
		ExecutionOrderSort2 (0ms)
		AwakeInstancesAfterBackupRestoration (0ms)
[Licensing::Client] Successfully resolved entitlement details
[Licensing::Module] License group:
  Id: 14569500153730-UnityPersXXXX
  Product: Unity Personal
  Type: Assigned
  Expiration: Unlimited
========================================================================
Worker process is ready to serve import requests
Import Worker Mode flag is 0x00
Begin MonoManager ReloadAssembly
Symbol file LoadedFromMemory is not a mono symbol file
Symbol file LoadedFromMemory is not a mono symbol file
- Loaded All Assemblies, in  0.964 seconds
Refreshing native plugins compatible for Editor in 5.15 ms, found 6 plugins.
Native extension for WindowsStandalone target not found
[Package Manager] Failed to launch server process. Reason: Unity was launched with the -noUpm command-line argument
[Package Manager] Unable to send message (not connected to server process).
[Package Manager] Cannot connect to Unity Package Manager local server
Refreshing native plugins compatible for Editor in 4.20 ms, found 6 plugins.
[Package Manager] Failed to launch server process. Reason: Unity was launched with the -noUpm command-line argument
[Package Manager] Unable to send message (not connected to server process).
[Package Manager] Cannot connect to Unity Package Manager local server
[Licensing::Client] Error: Code 404 while processing request (status: Found 0 entitlement groups and 0 free entitlements matching requested entitlement ids)
Mono: successfully reloaded assembly
- Finished resetting the current domain, in  1.947 seconds
Domain Reload Profiling: 2908ms
	BeginReloadAssembly (155ms)
		ExecutionOrderSort (0ms)
		DisableScriptedObjects (4ms)
		BackupInstance (0ms)
		ReleaseScriptingObjects (0ms)
		CreateAndSetChildDomain (32ms)
	RebuildCommonClasses (34ms)
	RebuildNativeTypeToScriptingClass (10ms)
	initialDomainReloadingComplete (56ms)
	LoadAllAssembliesAndSetupDomain (706ms)
		LoadAssemblies (390ms)
		RebuildTransferFunctionScriptingTraits (0ms)
		AnalyzeDomain (393ms)
			TypeCache.Refresh (313ms)
				TypeCache.ScanAssembly (295ms)
			BuildScriptInfoCaches (68ms)
			ResolveRequiredComponents (7ms)
	FinalizeReload (1948ms)
		ReleaseScriptCaches (0ms)
		RebuildScriptCaches (0ms)
		SetupLoadedEditorAssemblies (1718ms)
			LogAssemblyErrors (0ms)
			InitializePlatformSupportModulesInManaged (2ms)
			SetLoadedEditorAssemblies (5ms)
			BeforeProcessingInitializeOnLoad (167ms)
			ProcessInitializeOnLoadAttributes (1289ms)
			ProcessInitializeOnLoadMethodAttributes (249ms)
			AfterProcessingInitializeOnLoad (5ms)
			EditorAssembliesLoaded (0ms)
		ExecutionOrderSort2 (0ms)
		AwakeInstancesAfterBackupRestoration (7ms)
Launched and connected shader compiler UnityShaderCompiler.exe after 0.01 seconds
Refreshing native plugins compatible for Editor in 3.18 ms, found 6 plugins.
Preloading 1 native plugins for Editor in 0.07 ms.
Unloading 56 Unused Serialized files (Serialized files now loaded: 0)
Curl error 3: URL rejected: Malformed input to a URL function
Unloading 10437 unused Assets / (22.3 MB). Loaded Objects now: 11165.
Memory consumption went from 204.7 MB to 182.4 MB.
Total: 23.575200 ms (FindLiveObjects: 1.581300 ms CreateObjectMapping: 1.128900 ms MarkObjects: 13.671000 ms  DeleteObjects: 7.192500 ms)

========================================================================
Received Import Request.
  Time since last request: 59544.912821 seconds.
  path: Assets/Scenes/Stage_01.unity
  artifactKey: Guid(de488dd697fef8544b3d76f9217bea24) Importer(815301076,1909f56bfc062723c751e8b465ee728b)
Start importing Assets/Scenes/Stage_01.unity using Guid(de488dd697fef8544b3d76f9217bea24) Importer(815301076,1909f56bfc062723c751e8b465ee728b) (PreviewImporter) -> (artifact id: '5563c0013688c68bae38bd2f0bbbabbf') in 0.0063248 seconds
Number of updated asset objects reloaded before import = 0Number of asset objects unloaded after import = 0

========================================================================
Received Import Request.
  Time since last request: 12.730204 seconds.
  path: Assets/Scenes/Stage_02.unity
  artifactKey: Guid(7b48f8b14012df8419c92437eecbcea1) Importer(815301076,1909f56bfc062723c751e8b465ee728b)
Start importing Assets/Scenes/Stage_02.unity using Guid(7b48f8b14012df8419c92437eecbcea1) Importer(815301076,1909f56bfc062723c751e8b465ee728b) (PreviewImporter) -> (artifact id: '5f72bd04d1051e58996a0343be01eae5') in 0.0007316 seconds
Number of updated asset objects reloaded before import = 0Number of asset objects unloaded after import = 0

========================================================================
Received Import Request.
  Time since last request: 18.634684 seconds.
  path: Assets/Scenes/StageSelectScene.unity
  artifactKey: Guid(288a14d7e20ec154f820aef1f3f7c141) Importer(815301076,1909f56bfc062723c751e8b465ee728b)
Start importing Assets/Scenes/StageSelectScene.unity using Guid(288a14d7e20ec154f820aef1f3f7c141) Importer(815301076,1909f56bfc062723c751e8b465ee728b) (PreviewImporter) -> (artifact id: 'cc90e196f05680e6c1240e62ebb03ae7') in 0.0005771 seconds
Number of updated asset objects reloaded before import = 0Number of asset objects unloaded after import = 0

========================================================================
Received Import Request.
  Time since last request: 29.182129 seconds.
  path: Assets/Prefab/ground.prefab
  artifactKey: Guid(21181db00a76b8243b3833c744211580) Importer(815301076,1909f56bfc062723c751e8b465ee728b)
Start importing Assets/Prefab/ground.prefab using Guid(21181db00a76b8243b3833c744211580) Importer(815301076,1909f56bfc062723c751e8b465ee728b) (PreviewImporter) -> (artifact id: '6a82797daa6f60f6e8ee58209e34813d') in 0.4405631 seconds
Number of updated asset objects reloaded before import = 0Number of asset objects unloaded after import = 10

========================================================================
Received Import Request.
  Time since last request: 10.637510 seconds.
  path: Assets/Prefab/UI/CraftingPanel.prefab
  artifactKey: Guid(5d21b7c40e9a4f5f9c6a1e83d47b2af6) Importer(815301076,1909f56bfc062723c751e8b465ee728b)
Start importing Assets/Prefab/UI/CraftingPanel.prefab using Guid(5d21b7c40e9a4f5f9c6a1e83d47b2af6) Importer(815301076,1909f56bfc062723c751e8b465ee728b) (PreviewImporter) -> (artifact id: '5c20d4372ae403d268507b62ba4ecbfc') in 0.0655539 seconds
Number of updated asset objects reloaded before import = 0Number of asset objects unloaded after import = 408

========================================================================
Received Import Request.
  Time since last request: 20.564408 seconds.
  path: Assets/Prefab/UI/CraftingPanel.prefab
  artifactKey: Guid(5d21b7c40e9a4f5f9c6a1e83d47b2af6) Importer(815301076,1909f56bfc062723c751e8b465ee728b)
Start importing Assets/Prefab/UI/CraftingPanel.prefab using Guid(5d21b7c40e9a4f5f9c6a1e83d47b2af6) Importer(815301076,1909f56bfc062723c751e8b465ee728b) (PreviewImporter) -> (artifact id: '47838338e080e9dd42c0e3e5677665ab') in 0.0401927 seconds
Number of updated asset objects reloaded before import = 0Number of asset objects unloaded after import = 412

========================================================================
Received Import Request.
  Time since last request: 0.893234 seconds.
  path: Assets/Prefab/UI/CraftingPanel.prefab
  artifactKey: Guid(5d21b7c40e9a4f5f9c6a1e83d47b2af6) Importer(2089858483,192608db42251d675da83286b1cce702)
Start importing Assets/Prefab/UI/CraftingPanel.prefab using Guid(5d21b7c40e9a4f5f9c6a1e83d47b2af6) Importer(2089858483,192608db42251d675da83286b1cce702) (ScriptedImporter) -> (artifact id: 'ddf6669c7415795a7acd4207c6658c5e') in 0.2077539 seconds
Number of updated asset objects reloaded before import = 0Number of asset objects unloaded after import = 412

========================================================================
Received Import Request.
  Time since last request: 11.437213 seconds.
  path: Assets/Prefab/UI/CraftingPanel.prefab
  artifactKey: Guid(5d21b7c40e9a4f5f9c6a1e83d47b2af6) Importer(815301076,1909f56bfc062723c751e8b465ee728b)
Start importing Assets/Prefab/UI/CraftingPanel.prefab using Guid(5d21b7c40e9a4f5f9c6a1e83d47b2af6) Importer(815301076,1909f56bfc062723c751e8b465ee728b) (PreviewImporter) -> (artifact id: 'db350f316cd58c32310fba60fb0302eb') in 0.0420856 seconds
Number of updated asset objects reloaded before import = 0Number of asset objects unloaded after import = 412

========================================================================
Received Import Request.
  Time since last request: 0.882864 seconds.
  path: Assets/Prefab/UI/CraftingPanel.prefab
  artifactKey: Guid(5d21b7c40e9a4f5f9c6a1e83d47b2af6) Importer(2089858483,192608db42251d675da83286b1cce702)
Start importing Assets/Prefab/UI/CraftingPanel.prefab using Guid(5d21b7c40e9a4f5f9c6a1e83d47b2af6) Importer(2089858483,192608db42251d675da83286b1cce702) (ScriptedImporter) -> (artifact id: 'bb39790a7d67004e36035f7eedaebed8') in 0.0604484 seconds
Number of updated asset objects reloaded before import = 0Number of asset objects unloaded after import = 412

========================================================================
Received Import Request.
  Time since last request: 2.369148 seconds.
  path: Assets/Prefab/UI/CraftingPanel.prefab
  artifactKey: Guid(5d21b7c40e9a4f5f9c6a1e83d47b2af6) Importer(815301076,1909f56bfc062723c751e8b465ee728b)
Start importing Assets/Prefab/UI/CraftingPanel.prefab using Guid(5d21b7c40e9a4f5f9c6a1e83d47b2af6) Importer(815301076,1909f56bfc062723c751e8b465ee728b) (PreviewImporter) -> (artifact id: '6e5bb2ba8b270226767475cd8978dfb1') in 0.0386769 seconds
Number of updated asset objects reloaded before import = 0Number of asset objects unloaded after import = 412

========================================================================
Received Import Request.
  Time since last request: 0.894657 seconds.
  path: Assets/Prefab/UI/CraftingPanel.prefab
  artifactKey: Guid(5d21b7c40e9a4f5f9c6a1e83d47b2af6) Importer(2089858483,192608db42251d675da83286b1cce702)
Start importing Assets/Prefab/UI/CraftingPanel.prefab using Guid(5d21b7c40e9a4f5f9c6a1e83d47b2af6) Importer(2089858483,192608db42251d675da83286b1cce702) (ScriptedImporter) -> (artifact id: 'c072769b91bd0bf348b500b994ea45d2') in 0.0605239 seconds
Number of updated asset objects reloaded before import = 0Number of asset objects unloaded after import = 412

========================================================================
Received Import Request.
  Time since last request: 2.611701 seconds.
  path: Assets/Prefab/UI/CraftingPanel.prefab
  artifactKey: Guid(5d21b7c40e9a4f5f9c6a1e83d47b2af6) Importer(815301076,1909f56bfc062723c751e8b465ee728b)
Start importing Assets/Prefab/UI/CraftingPanel.prefab using Guid(5d21b7c40e9a4f5f9c6a1e83d47b2af6) Importer(815301076,1909f56bfc062723c751e8b465ee728b) (PreviewImporter) -> (artifact id: '04e82a51610d31317f4def260b36d0d5') in 0.0366055 seconds
Number of updated asset objects reloaded before import = 0Number of asset objects unloaded after import = 412

========================================================================
Received Import Request.
  Time since last request: 0.592807 seconds.
  path: Assets/Prefab/UI/CraftingPanel.prefab
  artifactKey: Guid(5d21b7c40e9a4f5f9c6a1e83d47b2af6) Importer(815301076,1909f56bfc062723c751e8b465ee728b)
Start importing Assets/Prefab/UI/CraftingPanel.prefab using Guid(5d21b7c40e9a4f5f9c6a1e83d47b2af6) Importer(815301076,1909f56bfc062723c751e8b465ee728b) (PreviewImporter) -> (artifact id: '86a9d8e46494a3f09b7a90b5b8abe709') in 0.0419588 seconds
Number of updated asset objects reloaded before import = 0Number of asset objects unloaded after import = 412

========================================================================
Received Import Request.
  Time since last request: 0.896750 seconds.
  path: Assets/Prefab/UI/CraftingPanel.prefab
  artifactKey: Guid(5d21b7c40e9a4f5f9c6a1e83d47b2af6) Importer(2089858483,192608db42251d675da83286b1cce702)
Start importing Assets/Prefab/UI/CraftingPanel.prefab using Guid(5d21b7c40e9a4f5f9c6a1e83d47b2af6) Importer(2089858483,192608db42251d675da83286b1cce702) (ScriptedImporter) -> (artifact id: '08ed5fec400312d6753e572c8ed112e0') in 0.0651557 seconds
Number of updated asset objects reloaded before import = 0Number of asset objects unloaded after import = 412

========================================================================
Received Import Request.
  Time since last request: 12.107166 seconds.
  path: Assets/Prefab/UI/CraftingPanel.prefab
  artifactKey: Guid(5d21b7c40e9a4f5f9c6a1e83d47b2af6) Importer(815301076,1909f56bfc062723c751e8b465ee728b)
Start importing Assets/Prefab/UI/CraftingPanel.prefab using Guid(5d21b7c40e9a4f5f9c6a1e83d47b2af6) Importer(815301076,1909f56bfc062723c751e8b465ee728b) (PreviewImporter) -> (artifact id: 'cdefa0beff139bdc21f2569072413916') in 0.0432316 seconds
Number of updated asset objects reloaded before import = 0Number of asset objects unloaded after import = 412

========================================================================
Received Import Request.
  Time since last request: 0.892526 seconds.
  path: Assets/Prefab/UI/CraftingPanel.prefab
  artifactKey: Guid(5d21b7c40e9a4f5f9c6a1e83d47b2af6) Importer(2089858483,192608db42251d675da83286b1cce702)
Start importing Assets/Prefab/UI/CraftingPanel.prefab using Guid(5d21b7c40e9a4f5f9c6a1e83d47b2af6) Importer(2089858483,192608db42251d675da83286b1cce702) (ScriptedImporter) -> (artifact id: 'c7582c11c99aec7604616ba93e8fc383') in 0.0754741 seconds
Number of updated asset objects reloaded before import = 0Number of asset objects unloaded after import = 412

========================================================================
Received Import Request.
  Time since last request: 3.588721 seconds.
  path: Assets/Prefab/UI/CraftingPanel.prefab
  artifactKey: Guid(5d21b7c40e9a4f5f9c6a1e83d47b2af6) Importer(815301076,1909f56bfc062723c751e8b465ee728b)
Start importing Assets/Prefab/UI/CraftingPanel.prefab using Guid(5d21b7c40e9a4f5f9c6a1e83d47b2af6) Importer(815301076,1909f56bfc062723c751e8b465ee728b) (PreviewImporter) -> (artifact id: '3eb2306eed870d2c4e921235f5e882d9') in 0.0364806 seconds
Number of updated asset objects reloaded before import = 0Number of asset objects unloaded after import = 412

========================================================================
Received Import Request.
  Time since last request: 0.888496 seconds.
  path: Assets/Font/NeoDunggeunmoPro-Regular SDF.asset
  artifactKey: Guid(db3c403a46e7c76498bbb0b64d883a6b) Importer(2089858483,192608db42251d675da83286b1cce702)
Start importing Assets/Font/NeoDunggeunmoPro-Regular SDF.asset using Guid(db3c403a46e7c76498bbb0b64d883a6b) Importer(2089858483,192608db42251d675da83286b1cce702) (ScriptedImporter) -> (artifact id: 'e80b05eee9cd584e411f7478534a6828') in 0.0599981 seconds
Number of updated asset objects reloaded before import = 0Number of asset objects unloaded after import = 5

========================================================================
Received Import Request.
  Time since last request: 18.427135 seconds.
  path: Assets/Prefab/UI/CraftingPanel.prefab
  artifactKey: Guid(5d21b7c40e9a4f5f9c6a1e83d47b2af6) Importer(2089858483,192608db42251d675da83286b1cce702)
Start importing Assets/Prefab/UI/CraftingPanel.prefab using Guid(5d21b7c40e9a4f5f9c6a1e83d47b2af6) Importer(2089858483,192608db42251d675da83286b1cce702) (ScriptedImporter) -> (artifact id: '58e9f0358abd0d234de0284a8fc5c54e') in 0.0581178 seconds
Number of updated asset objects reloaded before import = 0Number of asset objects unloaded after import = 413

========================================================================
Received Import Request.
  Time since last request: 39.246823 seconds.
  path: Assets/Font/NeoDunggeunmoPro-Regular SDF.asset
  artifactKey: Guid(db3c403a46e7c76498bbb0b64d883a6b) Importer(2089858483,192608db42251d675da83286b1cce702)
Start importing Assets/Font/NeoDunggeunmoPro-Regular SDF.asset using Guid(db3c403a46e7c76498bbb0b64d883a6b) Importer(2089858483,192608db42251d675da83286b1cce702) (ScriptedImporter) -> (artifact id: '713e5f64833ad0af9a97072b5080d895') in 0.0405919 seconds
Number of updated asset objects reloaded before import = 0Number of asset objects unloaded after import = 5

