[Licensing::Module] Trying to connect to existing licensing client channel...
Built from '6000.0/staging' branch; Version is '6000.0.81f1 (6238fec1e98f) revision 6437118'; Using compiler version '193933523'; Build Type 'Release'
OS: 'Windows 11  (10.0.26200) Professional' Language: 'ko' Physical Memory: 15599 MB
[Licensing::IpcConnector] Successfully connected to: "LicenseClient-Gunho" at "2026-08-09T02:49:12.98826Z"
BatchMode: 1, IsHumanControllingUs: 0, StartBugReporterOnCrash: 0, Is64bit: 1
System  architecture: x64
Process architecture: x64
Date: 2026-08-09T02:49:12Z

COMMAND LINE ARGUMENTS:
C:\Program Files\Unity\Hub\Editor\6000.0.81f1\Editor\Unity.exe
-adb2
-batchMode
-noUpm
-name
AssetImportWorker1
-projectPath
C:/Users/Gunho/Desktop/molra
-logFile
Logs/AssetImportWorker1.log
-srvPort
50176
-parentPid
18192
-analyticsCloudUserId
14569500153730
-analyticsCloudProjectId
711711db-e123-4bf4-bbfe-fa1cab4dcfac
-analyticsLocalProjectId
6dd81646726de014e845632771f6bbbd
-editorAnalyticsEnabled
1
-cbmEditorLicense
6d8cef57c23c131efeeb72678d4c84ac2786b83d
-cbmMachineId
pyfJpyB611qZ797rPnJ1EcXvnqI=
-licensingIpc
LicenseClient-Gunho
-job-worker-count
7
-background-job-worker-count
8
-gc-helper-count
1
-name
AssetImport
Successfully changed project path to: C:/Users/Gunho/Desktop/molra
C:/Users/Gunho/Desktop/molra
[UnityMemory] Configuration Parameters - Can be set up in boot.config
    "memorysetup-bucket-allocator-granularity=16"
    "memorysetup-bucket-allocator-bucket-count=8"
    "memorysetup-bucket-allocator-block-size=33554432"
    "memorysetup-bucket-allocator-block-count=8"
    "memorysetup-main-allocator-block-size=16777216"
    "memorysetup-thread-allocator-block-size=16777216"
    "memorysetup-gfx-main-allocator-block-size=16777216"
    "memorysetup-gfx-thread-allocator-block-size=16777216"
    "memorysetup-cache-allocator-block-size=4194304"
    "memorysetup-typetree-allocator-block-size=2097152"
    "memorysetup-profiler-bucket-allocator-granularity=16"
    "memorysetup-profiler-bucket-allocator-bucket-count=8"
    "memorysetup-profiler-bucket-allocator-block-size=33554432"
    "memorysetup-profiler-bucket-allocator-block-count=8"
    "memorysetup-profiler-allocator-block-size=16777216"
    "memorysetup-profiler-editor-allocator-block-size=1048576"
    "memorysetup-temp-allocator-size-main=16777216"
    "memorysetup-job-temp-allocator-block-size=2097152"
    "memorysetup-job-temp-allocator-block-size-background=1048576"
    "memorysetup-job-temp-allocator-reduction-small-platforms=262144"
    "memorysetup-allocator-temp-initial-block-size-main=262144"
    "memorysetup-allocator-temp-initial-block-size-worker=262144"
    "memorysetup-temp-allocator-size-background-worker=32768"
    "memorysetup-temp-allocator-size-job-worker=262144"
    "memorysetup-temp-allocator-size-preload-manager=33554432"
    "memorysetup-temp-allocator-size-nav-mesh-worker=65536"
    "memorysetup-temp-allocator-size-audio-worker=65536"
    "memorysetup-temp-allocator-size-cloud-worker=32768"
    "memorysetup-temp-allocator-size-gi-baking-worker=262144"
    "memorysetup-temp-allocator-size-gi-baking-worker=262144"
    "memorysetup-temp-allocator-size-gi-baking-worker=262144"
    "memorysetup-temp-allocator-size-gi-baking-worker=262144"
    "memorysetup-temp-allocator-size-gi-baking-worker=262144"
    "memorysetup-temp-allocator-size-gfx=262144"
Player connection [17484]  Target information:

Player connection [17484]  * "[IP] 10.60.15.62 [Port] 0 [Flags] 2 [Guid] 885363461 [EditorId] 885363461 [Version] 1048832 [Id] WindowsEditor(7,DESKTOP-O7NL4BO) [Debug] 1 [PackageName] WindowsEditor [ProjectName] Editor" 

Player connection [17484] Host joined multi-casting on [225.0.0.222:54997]...
Player connection [17484] Host joined alternative multi-casting on [225.0.0.222:34997]...
JobSystem: Creating JobQueue using job-worker-count value 7
Input System module state changed to: Initialized.
[Physics::Module] Initialized fallback backend.
[Physics::Module] Id: 0xdecafbad
Library Redirect Path: Library/
[Physics::Module] Selected backend.
[Physics::Module] Name: PhysX
[Physics::Module] Id: 0xf2b8ea05
[Physics::Module] SDK Version: 4.1.2
[Physics::Module] Integration Version: 1.0.0
[Physics::Module] Threading Mode: Multi-Threaded
Refreshing native plugins compatible for Editor in 4.96 ms, found 6 plugins.
Preloading 1 native plugins for Editor in 0.74 ms.
Initialize engine version: 6000.0.81f1 (6238fec1e98f)
[Subsystems] Discovering subsystems at path C:/Program Files/Unity/Hub/Editor/6000.0.81f1/Editor/Data/Resources/UnitySubsystems
[Subsystems] Discovering subsystems at path C:/Users/Gunho/Desktop/molra/Assets
GfxDevice: creating device client; kGfxThreadingModeNonThreaded
Direct3D:
    Version:  Direct3D 11.0 [level 11.1]
    Renderer: NVIDIA GeForce RTX 4060 Laptop GPU (ID=0x28a0)
    Vendor:   NVIDIA
    VRAM:     7956 MB
    Driver:   32.0.15.9282
Initialize mono
Mono path[0] = 'C:/Program Files/Unity/Hub/Editor/6000.0.81f1/Editor/Data/Managed'
Mono path[1] = 'C:/Program Files/Unity/Hub/Editor/6000.0.81f1/Editor/Data/MonoBleedingEdge/lib/mono/unityjit-win32'
Mono config path = 'C:/Program Files/Unity/Hub/Editor/6000.0.81f1/Editor/Data/MonoBleedingEdge/etc'
Using monoOptions --debugger-agent=transport=dt_socket,embedding=1,server=y,suspend=n,address=127.0.0.1:56616
Begin MonoManager ReloadAssembly
Registering precompiled unity dll's ...
Register platform support module: C:/Program Files/Unity/Hub/Editor/6000.0.81f1/Editor/Data/PlaybackEngines/WindowsStandaloneSupport/UnityEditor.WindowsStandalone.Extensions.dll
Registered in 0.002982 seconds.
- Loaded All Assemblies, in  0.438 seconds
[Licensing::Client] Handshaking with LicensingClient:
  Version:                 1.17.4+4293ba1
  Session Id:              fc71c6a98a474c4d91c2cc39449f1119
  Correlation Id:          805489ec865498346362fb80a6d865de
  External correlation Id: 57329285918056009
  Machine Id:              pyfJpyB611qZ797rPnJ1EcXvnqI=
[Licensing::Module] Successfully connected to LicensingClient on channel: "LicenseClient-Gunho" (connect: 0.00s, validation: 0.00s, handshake: 1.18s)
[Licensing::IpcConnector] Successfully connected to: "LicenseClient-Gunho-notifications" at "2026-08-09T02:49:14.1747173Z"
[Licensing::Module] Licensing Background thread has ended after 1.19s
Native extension for WindowsStandalone target not found
Package Manager log level set to [2]
[Package Manager] Failed to launch server process. Reason: Unity was launched with the -noUpm command-line argument
[Package Manager] Unable to send message (not connected to server process).
[Package Manager] Cannot connect to Unity Package Manager local server
Mono: successfully reloaded assembly
- Finished resetting the current domain, in  0.366 seconds
Domain Reload Profiling: 803ms
	BeginReloadAssembly (149ms)
		ExecutionOrderSort (0ms)
		DisableScriptedObjects (0ms)
		BackupInstance (0ms)
		ReleaseScriptingObjects (0ms)
		CreateAndSetChildDomain (1ms)
	RebuildCommonClasses (38ms)
	RebuildNativeTypeToScriptingClass (14ms)
	initialDomainReloadingComplete (61ms)
	LoadAllAssembliesAndSetupDomain (175ms)
		LoadAssemblies (147ms)
		RebuildTransferFunctionScriptingTraits (0ms)
		AnalyzeDomain (173ms)
			TypeCache.Refresh (171ms)
				TypeCache.ScanAssembly (160ms)
			BuildScriptInfoCaches (0ms)
			ResolveRequiredComponents (0ms)
	FinalizeReload (366ms)
		ReleaseScriptCaches (0ms)
		RebuildScriptCaches (0ms)
		SetupLoadedEditorAssemblies (271ms)
			LogAssemblyErrors (0ms)
			InitializePlatformSupportModulesInManaged (21ms)
			SetLoadedEditorAssemblies (6ms)
			BeforeProcessingInitializeOnLoad (61ms)
			ProcessInitializeOnLoadAttributes (138ms)
			ProcessInitializeOnLoadMethodAttributes (45ms)
			AfterProcessingInitializeOnLoad (0ms)
			EditorAssembliesLoaded (0ms)
		ExecutionOrderSort2 (0ms)
		AwakeInstancesAfterBackupRestoration (0ms)
[Licensing::Client] Successfully resolved entitlement details
[Licensing::Module] License group:
  Id: 14569500153730-UnityPersXXXX
  Product: Unity Personal
  Type: Assigned
  Expiration: Unlimited
========================================================================
Worker process is ready to serve import requests
Import Worker Mode flag is 0x00
Begin MonoManager ReloadAssembly
Symbol file LoadedFromMemory is not a mono symbol file
Symbol file LoadedFromMemory is not a mono symbol file
- Loaded All Assemblies, in  1.175 seconds
Refreshing native plugins compatible for Editor in 3.19 ms, found 6 plugins.
Native extension for WindowsStandalone target not found
[Package Manager] Failed to launch server process. Reason: Unity was launched with the -noUpm command-line argument
[Package Manager] Unable to send message (not connected to server process).
[Package Manager] Cannot connect to Unity Package Manager local server
Refreshing native plugins compatible for Editor in 4.10 ms, found 6 plugins.
[Package Manager] Failed to launch server process. Reason: Unity was launched with the -noUpm command-line argument
[Package Manager] Unable to send message (not connected to server process).
[Package Manager] Cannot connect to Unity Package Manager local server
[Licensing::Client] Error: Code 404 while processing request (status: Found 0 entitlement groups and 0 free entitlements matching requested entitlement ids)
Mono: successfully reloaded assembly
- Finished resetting the current domain, in  2.061 seconds
Domain Reload Profiling: 3231ms
	BeginReloadAssembly (170ms)
		ExecutionOrderSort (0ms)
		DisableScriptedObjects (5ms)
		BackupInstance (0ms)
		ReleaseScriptingObjects (0ms)
		CreateAndSetChildDomain (36ms)
	RebuildCommonClasses (31ms)
	RebuildNativeTypeToScriptingClass (15ms)
	initialDomainReloadingComplete (62ms)
	LoadAllAssembliesAndSetupDomain (892ms)
		LoadAssemblies (532ms)
		RebuildTransferFunctionScriptingTraits (0ms)
		AnalyzeDomain (453ms)
			TypeCache.Refresh (355ms)
				TypeCache.ScanAssembly (334ms)
			BuildScriptInfoCaches (85ms)
			ResolveRequiredComponents (7ms)
	FinalizeReload (2062ms)
		ReleaseScriptCaches (0ms)
		RebuildScriptCaches (0ms)
		SetupLoadedEditorAssemblies (1824ms)
			LogAssemblyErrors (0ms)
			InitializePlatformSupportModulesInManaged (2ms)
			SetLoadedEditorAssemblies (4ms)
			BeforeProcessingInitializeOnLoad (167ms)
			ProcessInitializeOnLoadAttributes (1320ms)
			ProcessInitializeOnLoadMethodAttributes (327ms)
			AfterProcessingInitializeOnLoad (5ms)
			EditorAssembliesLoaded (0ms)
		ExecutionOrderSort2 (0ms)
		AwakeInstancesAfterBackupRestoration (8ms)
Launched and connected shader compiler UnityShaderCompiler.exe after 0.03 seconds
Refreshing native plugins compatible for Editor in 11.12 ms, found 6 plugins.
Preloading 1 native plugins for Editor in 0.12 ms.
Unloading 56 Unused Serialized files (Serialized files now loaded: 0)
Curl error 3: URL rejected: Malformed input to a URL function
Unloading 10436 unused Assets / (21.6 MB). Loaded Objects now: 11164.
Memory consumption went from 202.3 MB to 180.7 MB.
Total: 47.378200 ms (FindLiveObjects: 3.624500 ms CreateObjectMapping: 2.412700 ms MarkObjects: 25.373000 ms  DeleteObjects: 15.965800 ms)

========================================================================
Received Prepare
Curl error 23: Failure writing output to destination, passed 293 returned 0
Refreshing native plugins compatible for Editor in 6.72 ms, found 6 plugins.
Preloading 1 native plugins for Editor in 0.06 ms.
Unloading 56 Unused Serialized files (Serialized files now loaded: 0)
Unloading 10412 unused Assets / (20.8 MB). Loaded Objects now: 11165.
Memory consumption went from 198.6 MB to 177.8 MB.
Total: 36.559200 ms (FindLiveObjects: 2.103500 ms CreateObjectMapping: 2.233800 ms MarkObjects: 22.242900 ms  DeleteObjects: 9.977400 ms)

Prepare: number of updated asset objects reloaded= 0
========================================================================
Received Import Request.
  Time since last request: 57436.543366 seconds.
  path: Assets/script/Scene/StageFailPanel.cs
  artifactKey: Guid(babbe8499dbedf747b4edcffc700428e) Importer(2089858483,192608db42251d675da83286b1cce702)
Start importing Assets/script/Scene/StageFailPanel.cs using Guid(babbe8499dbedf747b4edcffc700428e) Importer(2089858483,192608db42251d675da83286b1cce702) (ScriptedImporter) -> (artifact id: 'f73eb76adcfec151e01da7b6de28a3d5') in 0.4686322 seconds
Number of updated asset objects reloaded before import = 0Number of asset objects unloaded after import = 0

========================================================================
Received Import Request.
  Time since last request: 0.000164 seconds.
  path: Assets/script/Scene/UIInputManager.cs
  artifactKey: Guid(44906cb34e0e42f459e91bc2352865a3) Importer(2089858483,192608db42251d675da83286b1cce702)
Start importing Assets/script/Scene/UIInputManager.cs using Guid(44906cb34e0e42f459e91bc2352865a3) Importer(2089858483,192608db42251d675da83286b1cce702) (ScriptedImporter) -> (artifact id: '7239c0b8442232e90dad88f63b26c13e') in 0.0168683 seconds
Number of updated asset objects reloaded before import = 0Number of asset objects unloaded after import = 0

========================================================================
Received Import Request.
  Time since last request: 0.000039 seconds.
  path: Assets/Prefab/real/WaterTrap 1.prefab
  artifactKey: Guid(eef5e37e765c64e40bf0adce03d5eb47) Importer(2089858483,192608db42251d675da83286b1cce702)
Start importing Assets/Prefab/real/WaterTrap 1.prefab using Guid(eef5e37e765c64e40bf0adce03d5eb47) Importer(2089858483,192608db42251d675da83286b1cce702) (ScriptedImporter) -> (artifact id: 'b367c8ecaafb69d1ebd67f9e208509ce') in 0.0373979 seconds
Number of updated asset objects reloaded before import = 0Number of asset objects unloaded after import = 25

========================================================================
Received Import Request.
  Time since last request: 0.000025 seconds.
  path: Assets/Data/Nomal/Earth.asset
  artifactKey: Guid(6ee29ce3b74900a4d93c7379ececdaf8) Importer(2089858483,192608db42251d675da83286b1cce702)
Start importing Assets/Data/Nomal/Earth.asset using Guid(6ee29ce3b74900a4d93c7379ececdaf8) Importer(2089858483,192608db42251d675da83286b1cce702) (ScriptedImporter) -> (artifact id: 'bcbb393a768531b28802b3ac0878f991') in 0.019779 seconds
Number of updated asset objects reloaded before import = 0Number of asset objects unloaded after import = 1

========================================================================
Received Import Request.
  Time since last request: 0.000034 seconds.
  path: Assets/Image/PNG/obstacleManual1.PNG
  artifactKey: Guid(190071bd6fb43074fb3e24e09351832b) Importer(2089858483,192608db42251d675da83286b1cce702)
Start importing Assets/Image/PNG/obstacleManual1.PNG using Guid(190071bd6fb43074fb3e24e09351832b) Importer(2089858483,192608db42251d675da83286b1cce702) (ScriptedImporter) -> (artifact id: '52ca9edef830e2a4249790fdc81c058e') in 0.2186133 seconds
Number of updated asset objects reloaded before import = 0Number of asset objects unloaded after import = 3

========================================================================
Received Import Request.
  Time since last request: 0.000027 seconds.
  path: Assets/script/System/Manager/StageSelectManager.cs
  artifactKey: Guid(f31ab6fe78fc1bf46ba29d402de3ac88) Importer(2089858483,192608db42251d675da83286b1cce702)
Start importing Assets/script/System/Manager/StageSelectManager.cs using Guid(f31ab6fe78fc1bf46ba29d402de3ac88) Importer(2089858483,192608db42251d675da83286b1cce702) (ScriptedImporter) -> (artifact id: 'c03c33974d5ed02a47ecc59e2308e40a') in 0.0224701 seconds
Number of updated asset objects reloaded before import = 0Number of asset objects unloaded after import = 0

========================================================================
Received Import Request.
  Time since last request: 0.000044 seconds.
  path: Assets/script/Element/PlacementSystem.cs
  artifactKey: Guid(af7c950692a64f9aa0013f0758fd09e1) Importer(2089858483,192608db42251d675da83286b1cce702)
Start importing Assets/script/Element/PlacementSystem.cs using Guid(af7c950692a64f9aa0013f0758fd09e1) Importer(2089858483,192608db42251d675da83286b1cce702) (ScriptedImporter) -> (artifact id: 'b6c8c45959fb3831f80049ec7d619f6f') in 0.0230075 seconds
Number of updated asset objects reloaded before import = 0Number of asset objects unloaded after import = 0

========================================================================
Received Import Request.
  Time since last request: 0.000024 seconds.
  path: Assets/Resources/FailStageCanvas.prefab
  artifactKey: Guid(ec5aff1aac92e33448011630636847a3) Importer(2089858483,192608db42251d675da83286b1cce702)
Start importing Assets/Resources/FailStageCanvas.prefab using Guid(ec5aff1aac92e33448011630636847a3) Importer(2089858483,192608db42251d675da83286b1cce702) (ScriptedImporter) -> (artifact id: '527b2c14b797642fd45a03233e203eaf') in 0.106953 seconds
Number of updated asset objects reloaded before import = 0Number of asset objects unloaded after import = 60

========================================================================
Received Import Request.
  Time since last request: 0.000028 seconds.
  path: Assets/Prefab/Trab/FireTrab.prefab
  artifactKey: Guid(724094113f283b848986394ca08e169c) Importer(2089858483,192608db42251d675da83286b1cce702)
Start importing Assets/Prefab/Trab/FireTrab.prefab using Guid(724094113f283b848986394ca08e169c) Importer(2089858483,192608db42251d675da83286b1cce702) (ScriptedImporter) -> (artifact id: '8bf09a761826f2301554a4d125490d48') in 0.0459732 seconds
Number of updated asset objects reloaded before import = 0Number of asset objects unloaded after import = 49

========================================================================
Received Import Request.
  Time since last request: 0.000040 seconds.
  path: Assets/Scenes/MainScene.unity
  artifactKey: Guid(fb7f32d621bdd764a90d95fc9d3ae4cb) Importer(2089858483,192608db42251d675da83286b1cce702)
Start importing Assets/Scenes/MainScene.unity using Guid(fb7f32d621bdd764a90d95fc9d3ae4cb) Importer(2089858483,192608db42251d675da83286b1cce702) (ScriptedImporter) -> (artifact id: 'd2e684bd3d0379e8c13d816087a87585') in 0.0406503 seconds
Number of updated asset objects reloaded before import = 0Number of asset objects unloaded after import = 1

========================================================================
Received Prepare
Refreshing native plugins compatible for Editor in 11.09 ms, found 6 plugins.
Preloading 1 native plugins for Editor in 0.08 ms.
Unloading 56 Unused Serialized files (Serialized files now loaded: 0)
Unloading 10414 unused Assets / (19.4 MB). Loaded Objects now: 11168.
Memory consumption went from 199.5 MB to 180.1 MB.
Total: 48.018100 ms (FindLiveObjects: 1.835300 ms CreateObjectMapping: 2.232400 ms MarkObjects: 29.559500 ms  DeleteObjects: 14.389300 ms)

Prepare: number of updated asset objects reloaded= 0
========================================================================
Received Prepare
Begin MonoManager ReloadAssembly
Symbol file LoadedFromMemory is not a mono symbol file
Symbol file LoadedFromMemory is not a mono symbol file
- Loaded All Assemblies, in  1.807 seconds
Refreshing native plugins compatible for Editor in 7.03 ms, found 6 plugins.
Native extension for WindowsStandalone target not found
[Package Manager] Failed to launch server process. Reason: Unity was launched with the -noUpm command-line argument
[Package Manager] Unable to send message (not connected to server process).
[Package Manager] Cannot connect to Unity Package Manager local server
[Package Manager] Failed to launch server process. Reason: Unity was launched with the -noUpm command-line argument
[Package Manager] Unable to send message (not connected to server process).
[Package Manager] Cannot connect to Unity Package Manager local server
[Licensing::Client] Error: Code 404 while processing request (status: Found 0 entitlement groups and 0 free entitlements matching requested entitlement ids)
Mono: successfully reloaded assembly
- Finished resetting the current domain, in  2.687 seconds
Domain Reload Profiling: 4498ms
	BeginReloadAssembly (449ms)
		ExecutionOrderSort (0ms)
		DisableScriptedObjects (8ms)
		BackupInstance (0ms)
		ReleaseScriptingObjects (0ms)
		CreateAndSetChildDomain (181ms)
	RebuildCommonClasses (68ms)
	RebuildNativeTypeToScriptingClass (21ms)
	initialDomainReloadingComplete (94ms)
	LoadAllAssembliesAndSetupDomain (1177ms)
		LoadAssemblies (741ms)
		RebuildTransferFunctionScriptingTraits (0ms)
		AnalyzeDomain (594ms)
			TypeCache.Refresh (18ms)
				TypeCache.ScanAssembly (2ms)
			BuildScriptInfoCaches (549ms)
			ResolveRequiredComponents (17ms)
	FinalizeReload (2688ms)
		ReleaseScriptCaches (0ms)
		RebuildScriptCaches (0ms)
		SetupLoadedEditorAssemblies (2407ms)
			LogAssemblyErrors (0ms)
			InitializePlatformSupportModulesInManaged (4ms)
			SetLoadedEditorAssemblies (12ms)
			BeforeProcessingInitializeOnLoad (350ms)
			ProcessInitializeOnLoadAttributes (1432ms)
			ProcessInitializeOnLoadMethodAttributes (603ms)
			AfterProcessingInitializeOnLoad (7ms)
			EditorAssembliesLoaded (1ms)
		ExecutionOrderSort2 (0ms)
		AwakeInstancesAfterBackupRestoration (20ms)
Refreshing native plugins compatible for Editor in 7.10 ms, found 6 plugins.
Preloading 1 native plugins for Editor in 0.12 ms.
Unloading 56 Unused Serialized files (Serialized files now loaded: 0)
Unloading 10435 unused Assets / (21.4 MB). Loaded Objects now: 11184.
Memory consumption went from 209.8 MB to 188.5 MB.
Total: 40.667900 ms (FindLiveObjects: 2.564000 ms CreateObjectMapping: 1.883700 ms MarkObjects: 25.684500 ms  DeleteObjects: 10.532300 ms)

Prepare: number of updated asset objects reloaded= 0
Editor requested this worker to shutdown with reason: Scaling down because of idle timeout
AssetImportWorker is now disconnected from the server
Process exiting
Exiting without the bug reporter. Application will terminate with return code 0